╔══════════════════════════════════════════════════════════════╗
║  Tylluan — OPERATIONS MAP v1                                ║
║  How the system flows at runtime. Verified 2026-07-07.      ║
╚══════════════════════════════════════════════════════════════╝

┌─ START / STOP ──────────────────────────────────────────────┐
│                                                              │
│  START (from E:\tylluan):                                   │
│    .\tylluan-mcp.bat                                        │
│    → checks target\release\tylluan-nexus.exe               │
│    → if missing: cargo build --release -p tylluan-kernel    │
│    → starts tylluan-nexus.exe --config tylluan.toml         │
│                                                              │
│  VERIFY UP:                                                  │
│    curl http://127.0.0.1:3030/health                        │
│                                                              │
│  STOP:                                                       │
│    taskkill /IM tylluan-nexus.exe /F                        │
│                                                              │
│  REBUILD (after Rust changes):                               │
│    cargo build --release -p tylluan-kernel                  │
│    then restart                                              │
│                                                              │
│  TESTS (fast, no binary needed):                            │
│    cargo test -p tylluan-kernel --lib 2>&1 | tail -3        │
│    Expected: 310 passed; 0 failed                           │
│    (+ 61 tylluan-link, 12 tylluan-fsrs = 383 total)          │
└─────────────────────────────────────────────────────────────┘

┌─ MCP CLIENT CONNECTIONS ────────────────────────────────────┐
│                                                              │
│  Claude Code (.claude/settings.json):                        │
│    { "type": "sse", "url": "http://127.0.0.1:3030/sse" }   │
│                                                              │
│  Claude Desktop (claude_desktop_config.json):               │
│    { "url": "http://127.0.0.1:3030/sse" }                   │
│                                                              │
│  Antigravity (mcp_config.json):                             │
│    { "serverUrl": "http://127.0.0.1:3030/messages" }        │
│                                                              │
│  Qwen Desktop: SSE only (HTTP Streamable → "fetch failed")  │
│    { "url": "http://127.0.0.1:3030/sse" }                   │
│                                                              │
│  ⚠️ ALWAYS use 127.0.0.1 not localhost (IPv4 vs IPv6 issue) │
└─────────────────────────────────────────────────────────────┘

┌─ REQUEST FLOW (tylluan_do) ─────────────────────────────────┐
│                                                              │
│  Client sends intent                                        │
│       │                                                     │
│       ▼                                                     │
│  handler_do/routing.rs                                      │
│    1. catalog lookup (trigger_phrases BM25)                 │
│    2. if no hit → BGE-M3 embed → cosine similarity         │
│    3. guild selected (score threshold 0.6)                  │
│       │                                                     │
│       ▼                                                     │
│  M20 Complexity Cascade                                     │
│    score ≥ 0.6 → coordinator proactively                   │
│    score ≥ 0.4 + guild fails → coordinator fallback        │
│       │                                                     │
│       ▼                                                     │
│  registry.call_tool(guild, tool, args)                      │
│    → guild subprocess receives stdio JSON                   │
│    → result returned to client                              │
│                                                              │
│  Timeouts (NEVER LOWER — CPU inference):                    │
│    system_guild_ms  = 15000                                 │
│    analysis_guild_ms = 60000                                │
│    heavy_guild_ms   = 180000                                │
│    tool_call_secs   = 3600                                  │
└─────────────────────────────────────────────────────────────┘

┌─ MEMORY FLOW (tylluan_remember / tylluan_recall) ───────────┐
│                                                              │
│  WRITE (tylluan_remember):                                  │
│    content → silva/mod.rs → embed (BGE-M3)                 │
│    → SilvaDB INSERT node (text + vector + metadata)        │
│    → extract triples → graph edges                         │
│    → query_embed_cache.invalidate()                        │
│                                                             │
│  READ (tylluan_recall):                                     │
│    query → query_embed_cache.get_or_embed()                │
│    cache HIT  → skip ONNX (300s TTL)                       │
│    cache MISS → BGE-M3 ONNX → store in cache              │
│    → BM25 (FTS5) + vector cosine → RRF merge              │
│    → LinearRAG degree penalty                               │
│    → Jina reranker → top-N results                         │
└─────────────────────────────────────────────────────────────┘

┌─ GUILD LIFECYCLE ───────────────────────────────────────────┐
│                                                              │
│  ALWAYS-ON guilds (tylluan.toml always_on):                 │
│    main.rs → registry.spawn_always_on() on startup         │
│    supervisor.rs → checks every 10s                        │
│    crash → backoff 1s,2s,4s → after 3 fails: DEGRADED     │
│    degraded → logged ONCE then silenced (no spam)          │
│                                                              │
│  LAZY guilds (on first call):                               │
│    first request → registry.ensure_guild_running()         │
│    spawns Python subprocess with fastmcp stdio             │
│    stays alive until idle timeout (300s default)           │
│                                                              │
│  CRITICAL: guild_process.rs load() MUST NOT restore        │
│    always_on or crash_count from registry.json             │
│    main.rs re-applies always_on from config after load()   │
│    crash_count resets to 0 on every boot                   │
│                                                              │
│  SCHEDULER GUILD special:                                   │
│    In always_on: yes (tylluan.toml line 57)                │
│    scheduler.py starts background thread on import         │
│    THEN serves MCP via if __name__ == "__main__" block     │
│    Without entry point → process exits → crash loop        │
│    Fixed: commit dcbff04 (2026-07-07)                      │
└─────────────────────────────────────────────────────────────┘

┌─ COMMON OPERATIONS ─────────────────────────────────────────┐
│                                                              │
│  Check test count:                                          │
│    cargo test -p tylluan-kernel --lib 2>&1 | tail -3        │
│                                                              │
│  Check git HEAD:                                            │
│    git -C E:\tylluan log --oneline -3                      │
│                                                              │
│  Check health:                                              │
│    curl http://127.0.0.1:3030/health                        │
│                                                              │
│  Check active port:                                         │
│    type E:\tylluan\data\active_port.json                   │
│                                                              │
│  View guild status (kernel must be up):                     │
│    curl http://127.0.0.1:3030/api/v1/guilds                 │
│                                                              │
│  Force reindex embeddings:                                  │
│    curl -X POST http://127.0.0.1:3030/api/v1/memory/reindex │
│                                                              │
│  Run benchmark:                                             │
│    cargo run -p tylluan-evals -- --suite retrieval          │
└─────────────────────────────────────────────────────────────┘

┌─ ERROR RECOVERY ────────────────────────────────────────────┐
│                                                              │
│  Guild crash loop:                                          │
│    1. Check guild_process.rs: does load() restore always_on?│
│    2. Check guild .py: does it have if __name__ entry point?│
│    3. Delete registry.json → fresh load from tylluan.toml   │
│    4. Rebuild binary after any Rust fix                     │
│                                                              │
│  Two kernels running (SQLite corruption risk):              │
│    taskkill /IM tylluan-nexus.exe /F  (kills ALL)          │
│    then restart clean with .\tylluan-mcp.bat               │
│                                                              │
│  Binary stale (changes not in binary):                      │
│    tylluan-mcp.bat prefers target\release\                  │
│    delete release binary to force debug:                    │
│      del target\release\tylluan-nexus.exe                   │
│    or rebuild release:                                      │
│      cargo build --release -p tylluan-kernel               │
│                                                              │
│  Kernel down after benchmark:                               │
│    Antigravity stops kernel after tests — normal.           │
│    Restart: .\tylluan-mcp.bat                               │
└─────────────────────────────────────────────────────────────┘
