╔══════════════════════════════════════════════════════════════╗
║  Tylluan — PROJECT MAP v1                                   ║
║  Public product built on Forja patterns. MIT license.       ║
║  Read once → situate. Read twice → navigate. Read thrice → own. ║
╚══════════════════════════════════════════════════════════════╝

┌─ IDENTITY ──────────────────────────────────────────────────┐
│ Binary:    tylluan-nexus.exe (kernel) + tylluan-cli.exe     │
│ Port:      :3030 (kernel default)                            │
│            docker single-instance maps host:3033→cont:3030  │
│ Config:    tylluan.toml (native) / tylluan.docker.toml      │
│ Auth:      .tylluan-token (bearer, gitignored) — disabled   │
│            only when dev_mode=true. Shipped default is      │
│            dev_mode=false (secure by default, see            │
│            config.rs SecurityConfig::default). true on THIS │
│            dev machine's local tylluan.toml only, for        │
│            convenience — never the product default (same    │
│            local-override-vs-shipped-default mistake         │
│            corrected for port :4000 earlier this session,    │
│            fixed here 2026-07-12)                            │
│ Data:      data/*.db (sqlite) + data/silva.db (vectors)     │
│ License:   MIT (public product)                             │
│ Tests:     312 kernel lib + 61 tylluan-link + 12 tylluan-fsrs│
│            = 385 total (verified 2026-07-12)                │
│ Build:     cargo build -p tylluan-kernel (dev)               │
│            cargo build --release -p tylluan-kernel (prod)   │
│ Start:     .\tylluan-mcp.bat (from repo root)               │
│            auto-builds release if target\release\ missing   │
│ Health:    curl http://127.0.0.1:3030/health                │
│ HEAD:      bbd7385 (2026-07-12 session: IP rate limit,       │
│            intent_filter default-on, Docker volume fix,      │
│            coordinator benchmark, P2P/test-count doc fixes)  │
└─────────────────────────────────────────────────────────────┘

┌─ SOVEREIGN TOOLS (the only MCP interface) ──────────────────┐
│                                                              │
│  CLIENT ──MCP──▶ :3030/sse or /messages                     │
│                                                              │
│  tylluan_do ────▶ natural language → router → guild → result │
│  tylluan_remember ▶ content → SilvaDB node (embeddings+graph)│
│  tylluan_recall ──▶ query → BM25+vector+rerank → top results │
│  tylluan_think ───▶ query → graph traversal → analysis       │
│  tylluan_graph ───▶ add_triple|query_path|stats|ppr          │
│                                                              │
│  Defined:  transport/server/tools.rs → all_tools()          │
│  INVARIANT: exactly 5 tools, always.                        │
└─────────────────────────────────────────────────────────────┘

┌─ KERNEL ARCHITECTURE ───────────────────────────────────────┐
│                                                              │
│  main.rs ──▶ config.rs ──▶ transport/http/                  │
│     │                          │                            │
│     ├── registry/  guild lifecycle                          │
│     │    mod.rs          spawn/stop/health                  │
│     │    supervisor.rs   crash loop detect + backoff        │
│     │    guild_process.rs  spawn + registry persistence     │
│     │                                                       │
│     ├── router/  intent → guild mapping                     │
│     │    catalog.rs      guild descriptors + trigger_phrases│
│     │    matcher.rs      BM25 + anchors                     │
│     │    embeddings.rs   BGE-M3 ONNX                       │
│     │                                                       │
│     ├── memory/  all persistence                            │
│     │    silva/          knowledge graph + vectors          │
│     │      query_cache.rs  M21: embed cache TTL 300s LRU256 │
│     │      decay.rs         FSRS-5 stability/difficulty      │
│     │        (tylluan-fsrs crate) 12 tests, wraps official  │
│     │        `fsrs` crate — not a from-scratch reimpl       │
│     │    consensus.rs    Sovereign Consensus Engine (237L)   │
│     │      hourly scheduler in main.rs — resolves conflicting│
│     │      nodes: clear winner/synthesis/ambiguous, 7 tests  │
│     │    dream_cycle.rs  DreamCycle: dedup+decay+contradiction│
│     │      runs hourly in NightConsolidation (main.rs)       │
│     │    coloquio.rs     agent channels                     │
│     │    hybrid.rs       BM25+vector fusion                 │
│     │                                                       │
│  crate/consensus.rs (top-level, NOT memory/consensus.rs)     │
│    resolve_node_freshness() — 5-rule deterministic cascade   │
│    (hash/protected/peer-priority/timestamp/tiebreak), 9 tests│
│    wired into 4 federation sync paths (push/pull/both/recv)  │
│                                                              │
│     ├── federation/  P2P mesh                               │
│     │    mod.rs           peer sync + provenance            │
│     │    (tylluan-link)   DHT, gossip, Noise XK, NAT        │
│     │                                                       │
│     └── security/  guards                                   │
│          circuit_breaker.rs                                 │
│          rate_limiter.rs                                    │
│          intent_filter.rs  30 security tests               │
│                                                             │
│  transport/                                                  │
│    http/mod.rs      axum router, HttpState                  │
│    http/auth.rs     bearer token middleware                  │
│    http/sse.rs      SSE transport                           │
│    server/handler_do/   tylluan_do pipeline                 │
│      routing.rs     intent → guild → tool                   │
│      embedding.rs   semantic similarity                     │
└─────────────────────────────────────────────────────────────┘

┌─ GUILD SYSTEM (Python subprocesses via fastmcp) ────────────┐
│                                                              │
│  guilds/core/       42 guilds auto-discovered               │
│  Always-on (tylluan.toml always_on):                        │
│    bash, filesystem, monitor, system_metrics, vision        │
│    knowledge, coloquio, websearch, deep_web_research        │
│    code_graph, scrapling, scheduler                         │
│                                                             │
│  On-demand (lazy):                                          │
│    coordinator, git, docker, code, database, ingest         │
│    pdf, deep_analysis, navigator, codebase_memory ...       │
│                                                              │
│  KEY: scheduler.py MUST have entry point at end:            │
│    if __name__ == "__main__": utils.safe_mcp_run(mcp)       │
│    Without it: process exits → supervisor crash loop        │
│    Fixed: commit dcbff04                                    │
│                                                              │
│  Routing: catalog.rs trigger_phrases per guild              │
│  Spawn:   registry/supervisor.rs manages lifecycle          │
│  Config:  tylluan.toml [guilds.core] always_on list         │
└─────────────────────────────────────────────────────────────┘

┌─ DATA LAYER ────────────────────────────────────────────────┐
│                                                              │
│  data/silva.db        knowledge graph (nodes, edges, FTS5)  │
│  data/active_port.json  runtime port (3030 by default,       │
│                          written by kernel at actual bind)   │
│  data/scheduler.db    scheduler persistence                 │
│                                                              │
│  Embeddings: BGE-M3 via fastembed-rs (ONNX, DirectML GPU)  │
│  Reranker:   Jina reranker-v1-turbo (ONNX)                 │
│  Vectors:    768-dim BGE-M3                                 │
│  Search:     BM25 (FTS5) + vector + rerank + LinearRAG      │
│  M21 Cache:  query_cache.rs — normalize → Mutex<HashMap>    │
│              TTL 300s, max 256 LRU, invalidated on remember │
└─────────────────────────────────────────────────────────────┘

┌─ P2P MESH (tylluan-link) ───────────────────────────────────┐
│  Ed25519 node identity + node signing                       │
│  STUN NAT traversal + mDNS LAN autodiscovery                │
│  DHT Kademlia (256 K-buckets, mainline BitTorrent bootstrap) │
│  Gossip protocol (push-pull, LRU, anti-entropy)             │
│  Noise XK encrypted transport (ChaCha20-Poly1305)           │
│  DispatchRouter: score=(1-load)×(1000/latency)×gpu_mult     │
│  M14-F Phase 3 ✅: p2p_pool in HttpState, RemoteTcp arm      │
│    wired in api_mesh.rs (verified 2026-07-12, was already   │
│    done — this line was stale)                              │
└─────────────────────────────────────────────────────────────┘

┌─ CRITICAL PATHS (where bugs live) ──────────────────────────┐
│                                                              │
│  ⚡ HOT: transport/server/tools.rs                          │
│     all_tools() MUST return exactly 5.                      │
│                                                              │
│  ⚡ HOT: memory/silva/query_cache.rs (M21)                  │
│     Mutex<HashMap> — cache hit before ONNX inference        │
│     Key = split_whitespace+lowercase (normalized)           │
│                                                              │
│  ⚡ HOT: guilds/core/scheduler.py                           │
│     Must have if __name__ == "__main__" at end of file      │
│                                                              │
│  ⚡ HOT: registry/guild_process.rs                          │
│     load() must NOT restore always_on or crash_count        │
│     main.rs re-applies always_on from tylluan.toml          │
│└─────────────────────────────────────────────────────────────┘

┌─ SAFETY INVARIANTS ─────────────────────────────────────────┐
│  ✋ NEVER host=0.0.0.0 + dev_mode=true (LAN RCE)           │
│  ✋ NEVER reduce timeouts (CPU inference, not cloud)        │
│  ✋ NEVER write .tylluan-token value in tracked files       │
│  ℹ️  Push is routine after green tests + build — this is the │
│     real current flow, no per-push confirmation required.   │
│     (Confirmed 2026-07-11 — older docs said otherwise.)      │
│  ✋ NEVER start processes via Bash tool (AV blocks it)      │
│  ✋ Port :3030 is Tylluan's default port (native, dev_mode). │
│     Avoid conflicts with other processes running here.      │
└─────────────────────────────────────────────────────────────┘
